=== Trae UI 签到 2026-08-21 10:34:05 ===
  启动: D:\Users\abcma\AppData\Local\Programs\TRAE SOLO CN\TRAE SOLO CN.exe
  等待窗口（最多 45s）...
启动后仍未出现 TraeWork CN 窗口。
=== Trae UI 签到 2026-08-21 10:34:52 ===
  已点击用户信息 '用户4655935586' -> (58,987)
  菜单积分: 4052
  状态: 今日已签到
  积分: 4052
=== 完成 ===
=== Trae UI 签到 2026-08-24 09:11:50 ===
  启动: D:\Users\abcma\AppData\Local\Programs\TRAE SOLO CN\TRAE SOLO CN.exe
  等待窗口（最多 180s）...
启动后仍未出现 TraeWork CN 窗口。
=== Trae UI 签到 2026-08-24 09:15:17 ===
  窗口: '安装 - TraeWork CN (User)'
  [before] OCR 6 条 -> trae_ui_before.png
      19,   9 0.85 安装-TraeWork CN (User)
      36,  48 0.79 正在安装
      54,  68 0.93 安装程序正在安装TraeWorkCN到您的电脑中，请稍等。
      55, 125 0.81 正在解压缩文件...
      55, 148 0.90 D: /... (resources)app/node_modules)@byted-icubeldesktop-modules)dist)d42a5579b0283025.woff2
     632, 533 0.65 取消
OCR 未找到左下角用户信息，尝试点击窗口左下角兜底位置。
  [menu] OCR 6 条 -> trae_ui_menu.png
      19,  10 0.89 @安装-TraeWorkCN (User)
      36,  48 0.78 正在安装
      56,  70 0.91 安装程序正在安装TraeWorkCN到您的电脑中，请稍等。
      55, 124 0.80 正在解压缩文件...
      55, 149 0.87 D: /... resources)app/node_modules) @byted-icubeldesktop-modules) dist)medialsolo2.mp4
     632, 533 0.66 取消
  账户菜单未展开，重试点击用户信息 (1/3)
OCR 未找到左下角用户信息，尝试点击窗口左下角兜底位置。
  [menu2] OCR 12 条 -> trae_ui_menu2.png
       1,  94 0.89 据库配置，DB 无值再回退properties/硬编码)
      10, 179 0.93 改为实现 SchedulingConfigurer，用 addTriggerTask + Trigger 动态注册
      28, 218 0.92 读取配置表recon.sync.cron，运行中改配置立即生效（之前 @scheduled 注解启动
      19, 256 0.64  * * 9 0 0 赠(.(:uouoousgsqp)s.)anen
       0, 295 0.92 <pression 校验，非法表达式自动回退默认，避免调度器解析崩溃
       1, 389 0.81 ntNos
      61, 386 0.93 示例已删除，改为描述三个DB 配置key (enabled/cron/accountNames)
       1, 471 0.86 veAccountNos（）均配置表优先
       0, 509 0.90 major -am compile -→ BUILD SUCCESS
       2, 559 0.87 没有任何 cbs8.sync.*
     190, 562 0.67 配置
     242, 560 0.86 完全由DB 表驱动，符合「优先数据库配置」的要求
  账户菜单未展开，重试点击用户信息 (2/3)
OCR 未找到左下角用户信息，尝试点击窗口左下角兜底位置。
  [menu3] OCR 6 条 -> trae_ui_menu3.png
      20,  10 0.84 m安装-TraeWorkCN(User)
      36,  48 0.78 正在安装
      56,  70 0.90 安装程序正在安装TraeWorkCN到您的电脑中，请稍等。
      54, 124 0.78 正在解压缩文件...
      55, 149 0.87 D:/.../TRAE SoLo CN/resources)app(node_modules) @vscodelsqlite3(build/Release vscode-sqlite3.node
     632, 533 0.65 取消
  账户菜单未展开，重试点击用户信息 (3/3)
多次点击后仍未展开账户菜单。请确认 Trae 窗口在前台且未被遮挡。
=== Trae UI 签到 2026-08-24 09:17:08 ===
  启动: D:\Users\abcma\AppData\Local\Programs\TRAE SOLO CN\TRAE SOLO CN.exe
  等待窗口（最多 120s）...

已中断
=== Trae UI 签到 2026-08-24 09:20:21 ===
  窗口: 'TraeWork CN'
  [before] OCR 39 条 -> trae_ui_before.png
     122,  24 0.76 编辑(E)
     198,  26 0.76 帮助(H)
      26,  79 0.80 Work
      95,  80 0.83 </> Code
     186,  77 0.82 Design
     432,  90 0.88 对账自动累加匹配改造方案
    1653,  93 0.77 Open
      24, 136 0.70 ④ 新建任务
      23, 184 0.71 8 插件市场
      23, 234 0.56 ?自动化
    1421, 275 0.89 好的，执行编译验证吧
      24, 288 0.65 ① 办公助理
      24, 334 0.69 田 模板库
      24, 397 0.76 任务列表
     717, 397 0.84 TraeWork
      26, 440 0.72 GA105540
     691, 445 0.79 任务耗时 1m 6s>
      54, 481 0.88 对账自动累加匹配改造方案
     688, 496 0.84 编译验证通过。
     812, 495 0.91 mvn -pl finrec-major -am compile -DskipTests 退出码 θ(BUILD SUCCESS），三处改动编
      56, 526 0.87 Git Pulland Build Production Backend
     688, 522 0.69 译无误。
      25, 568 0.80  A105162
     690, 565 0.83 方案已实施完成并验证：
     708, 606 0.89 改动点1（降序排序）、改动点2（金额约束）、改动点3(策略日志）均已落入ReconTaskBPOImp.java 的
      24, 616 0.82  api-proxy
     713, 634 0.88 doExecuteonce，编译通过。
     692, 673 0.92 后续如需按方案第八节造验收数据（项目应收3000+流水5000/3000/2000/1000）手动执行任务观察日志，或继续其
     689, 699 0.84 他事项，告诉我即可。
    1533, 751 0.77 由 AI 生成
      54, 820 0.82 会员低至￥9.9
      29, 845 0.86 首月￥9.9升级会员，畅享更多积分，专享模型
     676, 842 0.92 帮你编写代码、调试Bug、优化性能等开发工作，交付生产级代码产物。
      29, 868 0.89 优惠，高峰期优先响应。
     154, 907 0.80 立即升级
     725, 943 0.72 ①完全访问
    1391, 944 0.88 Auto Mode
      66, 977 0.91 用户4655935586
     204, 978 0.54 免费
  已点击用户信息 '用户4655935586' -> (58,987)
    box=(66,977)-(194,997)
  [menu] OCR 45 条 -> trae_ui_menu.png
     122,  24 0.76 编辑(E)
     197,  24 0.72 帮助(H)
      26,  79 0.80 Work
      95,  79 0.83 </> Code
     186,  77 0.82 Design
     432,  90 0.88 对账自动累加匹配改造方案
    1653,  93 0.77 Open
      24, 136 0.70 ④ 新建任务
      23, 184 0.71 8 插件市场
      23, 234 0.58 ?自动化
    1421, 275 0.89 好的，执行编译验证吧
      24, 288 0.69 ①办公助理
      24, 334 0.74 田 模板库
     717, 397 0.84 TraeWork
      82, 418 0.91 用户4655935586
     213, 419 0.67 免费
     275, 416 0.74 + 3,926
     691, 445 0.77 任务耗时 1m 6s>
     145, 474 0.82 ￥9.9升级权益
     688, 496 0.78 编译验证通过。
     812, 495 0.91 mvn -pl finrec-major -am compile -DskipTests 退出码 θ(BUILD SUCCESS），三处改动编
     285, 531 0.67 签到
     688, 522 0.69 译无误。
      40, 532 0.86 白每日签到领200积分
     690, 565 0.84 方案已实施完成并验证：
      41, 590 0.90 邀请好友得积分+星巴克咖啡
     708, 606 0.89 改动点1（降序排序）、改动点2（金额约束）、改动点3(策略日志）均已落入ReconTaskBPOImp.java 的
     713, 633 0.82 doExecuteOnce, 编译通过。
      63, 645 0.78 管理账户
     692, 673 0.92 后续如需按方案第八节造验收数据（项目应收3000+流水5000/3000/2000/1000）手动执行任务观察日志，或继续其
      61, 684 0.67 消息
     690, 700 0.88 他事项，告诉我即可。
      38, 740 0.54 ④语言
     255, 742 0.78 简体中文
    1533, 751 0.76 由 AI 生成
      37, 780 0.63  主题
     287, 781 0.65 暗色
      38, 820 0.51 守设置
     676, 842 0.92 帮你编写代码、调试Bug、优化性能等开发工作，交付生产级代码产物。
      61, 862 0.80 报告问题
     148, 917 0.78  退出登录
     725, 943 0.72 ①完全访问
    1391, 944 0.88 Auto Mode
      66, 977 0.87 用户4655935586
     202, 975 0.67 免费
  菜单积分: 3926
  已点击签到 '签到' -> (303,542)
  [after] OCR 46 条 -> trae_ui_after.png
     122,  24 0.76 编辑(E)
     197,  24 0.72 帮助(H)
      26,  79 0.80 Work
      95,  79 0.79 </> Code
     186,  77 0.82 Design
     432,  90 0.88 对账自动累加匹配改造方案
    1653,  93 0.77 Open
      24, 136 0.75 ④新建任务
      23, 184 0.70 8 插件市场
      23, 234 0.58 ?自动化
    1421, 275 0.89 好的，执行编译验证吧
      24, 288 0.69 ①办公助理
      24, 334 0.74 田 模板库
     718, 397 0.82 TraeWork
      82, 418 0.91 用户4655935586
     212, 419 0.52 免费
     277, 416 0.74 + 4,126
     691, 445 0.77 任务耗时 1m 6s>
     142, 472 0.74 ￥9.9升级权头
     233, 492 0.85 今日已签到，明天再来吧
     688, 496 0.78 编译验证通过。
     812, 495 0.92 mvn -pl finrec-major -am compile -DskipTests 退出码 θ(BUILD SUCCESS），三处改动编
      40, 531 0.88 白每日签到领200积分
     688, 522 0.69 译无误。
     270, 532 0.77 今日已签
     690, 565 0.84 方案已实施完成并验证：
      41, 590 0.90 邀请好友得积分+星巴克咖啡
     708, 606 0.89 改动点1（降序排序）、改动点2（金额约束）、改动点3(策略日志）均已落入ReconTaskBPOImp.java 的
     713, 633 0.83 doExecuteOnce，编译通过。
      63, 645 0.78 管理账户
     692, 673 0.92 后续如需按方案第八节造验收数据（项目应收3000+流水5000/3000/2000/1000）手动执行任务观察日志，或继续其
      61, 684 0.67 消息
     690, 700 0.88 他事项，告诉我即可。
      38, 740 0.54 ④语言
     255, 742 0.78 简体中文
    1533, 751 0.76 由 AI 生成
      37, 780 0.63  主题
     288, 783 0.66 暗色
      38, 820 0.51 守设置
     676, 842 0.92 帮你编写代码、调试Bug、优化性能等开发工作，交付生产级代码产物。
      61, 862 0.80 报告问题
     148, 917 0.78  退出登录
     725, 943 0.73 ①完全访问
    1391, 944 0.88 Auto Mode
      66, 977 0.88 用户4655935586
     202, 975 0.67 免费
  状态: 领取成功（今日已签到）
  积分: 4126 (+200)
=== 完成 ===
=== Trae UI 签到 2026-08-24 09:21:04 ===
  窗口: 'TraeWork CN'
  账户菜单已打开，跳过点击用户信息
  菜单积分: 4126
  状态: 今日已签到
  积分: 4126
=== 完成 ===
